// Jest Snapshot v1, https://goo.gl/fbAQLP

exports[`exports functions 1`] = `
Object {
  "accept": "function",
  "acl": "function",
  "bind": "function",
  "checkout": "function",
  "composeRoutes": "function",
  "composeRoutesLeft": "function",
  "connect": "function",
  "copy": "function",
  "del": "function",
  "delete": "function",
  "dir": "function",
  "get": "function",
  "head": "function",
  "link": "function",
  "listen": "function",
  "lock": "function",
  "merge": "function",
  "mkactivity": "function",
  "mkcalendar": "function",
  "mkcol": "function",
  "move": "function",
  "msearch": "function",
  "notify": "function",
  "options": "function",
  "patch": "function",
  "post": "function",
  "propfind": "function",
  "proppatch": "function",
  "purge": "function",
  "put": "function",
  "rebind": "function",
  "report": "function",
  "search": "function",
  "sendFile": "function",
  "setHeader": "function",
  "subscribe": "function",
  "trace": "function",
  "unbind": "function",
  "unlink": "function",
  "unlock": "function",
  "unsubscribe": "function",
}
`;
